Départ À La Retraite 6 Février 2020
Rock FR - On Veut Des Légendes - Johnny Hallyday/Eddy Mitchel
Rock 80 - Losing My Religion - R.E.M.
AA6N - Let it Be - John Lennon/Paul McCartney
AB2 - Quelque Chose De Tenessee - Johnny Hallyday
Country - Proud Mary - Creedence
Pop - A Nos Souvenirs - Trois Cafés Gourmands
Sur La Route De Memphis 1min. - Eddy Mitchell
Rock doux - Purple Rain - Prince
AG3 - Long Train Running - Doobie Brothers
Country - City Of New Orleans - Steve Goodman
Country - Apache - Shadows
Balade - Faire Un Pont - Dick Rivers (1945-2019)
Latino - Despacito - Luis Fonsi
Latino - Ai Se Eu Te Pego - Michel Telo
Latino - Bara Bere - Michel Telo
AF1 - Perfect - Ed Sheeran
AJ3 - Hallelujah - Jeff Buckley
Rock - Narcotic - Liquido
Latino - La Colegiala - Rodolfo Y Su Tipica
Pop - Tout Le Bonheur Du Monde - Sinsemilia
Rock IT - L'Italiano - Toto Cutogno
AB7 - Tu - Umberto Tozzi
AD1 - Smoke On The Water - Deep Purple
Latino - Besame Mucho - Carlos Valazquez
J'y Vais - Patrick Fiori - Florent Pagny
AI3 - I’m Still Standing - Elton John
