IPA
AF5 - A Nos Souvenirs - Trois Cafés Gourmands
Country 5 - Apache - Shadows
Dansante - J'entends Siffler le Train - Richard Anthony
AB1 - La Dernière Séance - Eddy Mitchell
AA2 - Losing My Religion - R.E.M.
Rock FR - On Veut Des Légendes - Johnny Hallyday/Eddy Mitchel
Balade - Petite Marie - Francis Cabrel
AA5 - Si Tu Veux M'essayer - Florent Pagny
Balade - Sur La Route De Memphis - Eddy Mitchell
Blues - Toute La Musique Que J'aime - Johnny Hallyday
Balade - J'y Vais - Patrick Fiori - Florent Pagny
AC4 - Physical - Dua Lipa
Dansante Disco 1 - D.I.S.C.O. - Ottawan
Dansante Disco 2 - T'es OK - Ottawan
Dansante Disco 3 - Haut Les Mains - Ottawan
AH2 -  Plus Près Des Étoiles - Gold
AJ4 - Call Me - Blondie
AH5 - Eyes Of The Tiger - Survivor
AH3 - I Still Haven't Found What I'm Looking For - U2
AK5 - I Was Made For Lovin' You - Kiss
AK3 - Il Changeait La Vie - Jean-Jacques Goldman
AH4 - Je Ne Suis Pas Un Héros - Daniel Balavoine
AG2 - L'Aventurier - Indochine
AB5 - La Dame De Haute Savoie - Francis Cabrel
AG7 - Un Autre Monde - Telephone
AD1 - Smoke On The Water - Deep Purple
AB6 - Sara Perche Ti Amo - Richi E Poveri
AB7 - Tu - Umberto Tozzi
Marche - Chef Un P'tit Verre On A Soif - Grand Jojo
Marche - La Bonne Humeur - Sacha Distel
Marche - Scandale Dans La Famille - Sacha Distel
AI1 - Blue Suede Shoes - Carl Perkins
AK4 - Gabrielle - Johnny Hallyday
Rock FR - La Terre Promise - Johnny Hallyday
Rock FR - Oh Sally - Johnny Hallyday
Rock FR - Parc'que J'ai Revu Linda - Johnny Hallyday
Rock FR - Vivre Pour Le Meilleur - Johnny Hallyday
Balade - Adieu Jolie Candy - Jean-François Michaël
Slow - Besame Mucho - Carlos Valazquez
AG1 - Casser La Voix - Patrick Bruel
Slow - Diego Libre Dans Sa Tete - Johnny Hallyday
Slow - Europa - Carlos Santana
AJ3 - Hallelujah - Jeff Buckley
AD7 - Knockin' On Heaven's Door - Gun’s n’ Roses
AA6N - Let it Be - John Lennon/Paul McCartney
AA7 - Zombie - Cranberries
Dansante Tango - Vous Permettez Monsieur - Salvatore Adamo 1965
AI2 - Chante - Les Forbans
AE1 - La Bamba - Los Lobos
Dansante Twist - Viens Danser Le Twist - Johnny Hallyday
Dansante valse - Germaine - Renaud
Dansante Valse - La Fille Du Métro - Renaud
Dansante Valse - Le Café Des Trois Colombes - Joe Dassin
Dansante Valse - Mon Amante De Saint-Jean - Patrick Bruel
Dansante Valse - Valse de Vienne - François Feldmann
Dansante Valse - Voulez-vous Danser Grand-Mère - Lina Margy 1946
